10:32:14 **** Auto Build of configuration Debug for project hw_test_app ****
make all 
Building file: ../src/helloworld.c
Invoking: MicroBlaze gcc compiler
mb-gcc -Wall -O0 -g3 -c -fmessage-length=0 -MT"src/helloworld.o" -I../../hw_test_app_bsp/microblaze_0/include -mlittle-endian -mxl-barrel-shift -mxl-pattern-compare -mno-xl-soft-div -mcpu=v11.0 -mno-xl-soft-mul -mxl-multiply-high -Wl,--no-relax -ffunction-sections -fdata-sections -MMD -MP -MF"src/helloworld.d" -MT"src/helloworld.o" -o "src/helloworld.o" "../src/helloworld.c"
Finished building: ../src/helloworld.c
 
Building file: ../src/platform.c
Invoking: MicroBlaze gcc compiler
mb-gcc -Wall -O0 -g3 -c -fmessage-length=0 -MT"src/platform.o" -I../../hw_test_app_bsp/microblaze_0/include -mlittle-endian -mxl-barrel-shift -mxl-pattern-compare -mno-xl-soft-div -mcpu=v11.0 -mno-xl-soft-mul -mxl-multiply-high -Wl,--no-relax -ffunction-sections -fdata-sections -MMD -MP -MF"src/platform.d" -MT"src/platform.o" -o "src/platform.o" "../src/platform.c"
Finished building: ../src/platform.c
 
Building target: hw_test_app.elf
Invoking: MicroBlaze gcc linker
mb-gcc -Wl,-T -Wl,../src/lscript.ld -L../../hw_test_app_bsp/microblaze_0/lib -mlittle-endian -mxl-barrel-shift -mxl-pattern-compare -mno-xl-soft-div -mcpu=v11.0 -mno-xl-soft-mul -mxl-multiply-high -Wl,--no-relax -Wl,--gc-sections -o "hw_test_app.elf"  ./src/helloworld.o ./src/platform.o   -Wl,--start-group,-lxil,-lgcc,-lc,--end-group
Finished building target: hw_test_app.elf
 
Invoking: MicroBlaze Print Size
mb-size hw_test_app.elf  |tee "hw_test_app.elf.size"
   text	   data	    bss	    dec	    hex	filename
   3890	    408	   2086	   6384	   18f0	hw_test_app.elf
Finished building: hw_test_app.elf.size
 

10:32:16 Build Finished (took 1s.441ms)

