10:32:17 **** Auto Build of configuration Debug for project peripheral_test ****
make all 
Building file: ../src/testperiph.c
Invoking: MicroBlaze gcc compiler
mb-gcc -Wall -O0 -g3 -c -fmessage-length=0 -MT"src/testperiph.o" -I../../hw_test_app_bsp/microblaze_0/include -mlittle-endian -mxl-barrel-shift -mxl-pattern-compare -mno-xl-soft-div -mcpu=v11.0 -mno-xl-soft-mul -mxl-multiply-high -Wl,--no-relax -ffunction-sections -fdata-sections -MMD -MP -MF"src/testperiph.d" -MT"src/testperiph.o" -o "src/testperiph.o" "../src/testperiph.c"
Finished building: ../src/testperiph.c
 
Building file: ../src/xemaclite_example_util.c
Invoking: MicroBlaze gcc compiler
mb-gcc -Wall -O0 -g3 -c -fmessage-length=0 -MT"src/xemaclite_example_util.o" -I../../hw_test_app_bsp/microblaze_0/include -mlittle-endian -mxl-barrel-shift -mxl-pattern-compare -mno-xl-soft-div -mcpu=v11.0 -mno-xl-soft-mul -mxl-multiply-high -Wl,--no-relax -ffunction-sections -fdata-sections -MMD -MP -MF"src/xemaclite_example_util.d" -MT"src/xemaclite_example_util.o" -o "src/xemaclite_example_util.o" "../src/xemaclite_example_util.c"
Finished building: ../src/xemaclite_example_util.c
 
Building file: ../src/xemaclite_intr_example.c
Invoking: MicroBlaze gcc compiler
mb-gcc -Wall -O0 -g3 -c -fmessage-length=0 -MT"src/xemaclite_intr_example.o" -I../../hw_test_app_bsp/microblaze_0/include -mlittle-endian -mxl-barrel-shift -mxl-pattern-compare -mno-xl-soft-div -mcpu=v11.0 -mno-xl-soft-mul -mxl-multiply-high -Wl,--no-relax -ffunction-sections -fdata-sections -MMD -MP -MF"src/xemaclite_intr_example.d" -MT"src/xemaclite_intr_example.o" -o "src/xemaclite_intr_example.o" "../src/xemaclite_intr_example.c"
../src/xemaclite_intr_example.c: In function 'EmacLiteSendHandler':
../src/xemaclite_intr_example.c:559:13: warning: variable 'XEmacInstancePtr' set but not used [-Wunused-but-set-variable]
  XEmacLite *XEmacInstancePtr;
             ^~~~~~~~~~~~~~~~
Finished building: ../src/xemaclite_intr_example.c
 
Building file: ../src/xemaclite_polled_example.c
Invoking: MicroBlaze gcc compiler
mb-gcc -Wall -O0 -g3 -c -fmessage-length=0 -MT"src/xemaclite_polled_example.o" -I../../hw_test_app_bsp/microblaze_0/include -mlittle-endian -mxl-barrel-shift -mxl-pattern-compare -mno-xl-soft-div -mcpu=v11.0 -mno-xl-soft-mul -mxl-multiply-high -Wl,--no-relax -ffunction-sections -fdata-sections -MMD -MP -MF"src/xemaclite_polled_example.d" -MT"src/xemaclite_polled_example.o" -o "src/xemaclite_polled_example.o" "../src/xemaclite_polled_example.c"
Finished building: ../src/xemaclite_polled_example.c
 
Building file: ../src/xgpio_tapp_example.c
Invoking: MicroBlaze gcc compiler
mb-gcc -Wall -O0 -g3 -c -fmessage-length=0 -MT"src/xgpio_tapp_example.o" -I../../hw_test_app_bsp/microblaze_0/include -mlittle-endian -mxl-barrel-shift -mxl-pattern-compare -mno-xl-soft-div -mcpu=v11.0 -mno-xl-soft-mul -mxl-multiply-high -Wl,--no-relax -ffunction-sections -fdata-sections -MMD -MP -MF"src/xgpio_tapp_example.d" -MT"src/xgpio_tapp_example.o" -o "src/xgpio_tapp_example.o" "../src/xgpio_tapp_example.c"
Finished building: ../src/xgpio_tapp_example.c
 
Building file: ../src/xintc_tapp_example.c
Invoking: MicroBlaze gcc compiler
mb-gcc -Wall -O0 -g3 -c -fmessage-length=0 -MT"src/xintc_tapp_example.o" -I../../hw_test_app_bsp/microblaze_0/include -mlittle-endian -mxl-barrel-shift -mxl-pattern-compare -mno-xl-soft-div -mcpu=v11.0 -mno-xl-soft-mul -mxl-multiply-high -Wl,--no-relax -ffunction-sections -fdata-sections -MMD -MP -MF"src/xintc_tapp_example.d" -MT"src/xintc_tapp_example.o" -o "src/xintc_tapp_example.o" "../src/xintc_tapp_example.c"
Finished building: ../src/xintc_tapp_example.c
 
Building file: ../src/xspi_intr_example.c
Invoking: MicroBlaze gcc compiler
mb-gcc -Wall -O0 -g3 -c -fmessage-length=0 -MT"src/xspi_intr_example.o" -I../../hw_test_app_bsp/microblaze_0/include -mlittle-endian -mxl-barrel-shift -mxl-pattern-compare -mno-xl-soft-div -mcpu=v11.0 -mno-xl-soft-mul -mxl-multiply-high -Wl,--no-relax -ffunction-sections -fdata-sections -MMD -MP -MF"src/xspi_intr_example.d" -MT"src/xspi_intr_example.o" -o "src/xspi_intr_example.o" "../src/xspi_intr_example.c"
Finished building: ../src/xspi_intr_example.c
 
Building file: ../src/xspi_selftest_example.c
Invoking: MicroBlaze gcc compiler
mb-gcc -Wall -O0 -g3 -c -fmessage-length=0 -MT"src/xspi_selftest_example.o" -I../../hw_test_app_bsp/microblaze_0/include -mlittle-endian -mxl-barrel-shift -mxl-pattern-compare -mno-xl-soft-div -mcpu=v11.0 -mno-xl-soft-mul -mxl-multiply-high -Wl,--no-relax -ffunction-sections -fdata-sections -MMD -MP -MF"src/xspi_selftest_example.d" -MT"src/xspi_selftest_example.o" -o "src/xspi_selftest_example.o" "../src/xspi_selftest_example.c"
Finished building: ../src/xspi_selftest_example.c
 
Building file: ../src/xtmrctr_intr_example.c
Invoking: MicroBlaze gcc compiler
mb-gcc -Wall -O0 -g3 -c -fmessage-length=0 -MT"src/xtmrctr_intr_example.o" -I../../hw_test_app_bsp/microblaze_0/include -mlittle-endian -mxl-barrel-shift -mxl-pattern-compare -mno-xl-soft-div -mcpu=v11.0 -mno-xl-soft-mul -mxl-multiply-high -Wl,--no-relax -ffunction-sections -fdata-sections -MMD -MP -MF"src/xtmrctr_intr_example.d" -MT"src/xtmrctr_intr_example.o" -o "src/xtmrctr_intr_example.o" "../src/xtmrctr_intr_example.c"
Finished building: ../src/xtmrctr_intr_example.c
 
Building file: ../src/xtmrctr_selftest_example.c
Invoking: MicroBlaze gcc compiler
mb-gcc -Wall -O0 -g3 -c -fmessage-length=0 -MT"src/xtmrctr_selftest_example.o" -I../../hw_test_app_bsp/microblaze_0/include -mlittle-endian -mxl-barrel-shift -mxl-pattern-compare -mno-xl-soft-div -mcpu=v11.0 -mno-xl-soft-mul -mxl-multiply-high -Wl,--no-relax -ffunction-sections -fdata-sections -MMD -MP -MF"src/xtmrctr_selftest_example.d" -MT"src/xtmrctr_selftest_example.o" -o "src/xtmrctr_selftest_example.o" "../src/xtmrctr_selftest_example.c"
Finished building: ../src/xtmrctr_selftest_example.c
 
Building target: peripheral_test.elf
Invoking: MicroBlaze gcc linker
mb-gcc -Wl,-T -Wl,../src/lscript.ld -L../../hw_test_app_bsp/microblaze_0/lib -mlittle-endian -mxl-barrel-shift -mxl-pattern-compare -mno-xl-soft-div -mcpu=v11.0 -mno-xl-soft-mul -mxl-multiply-high -Wl,--no-relax -Wl,--gc-sections -o "peripheral_test.elf"  ./src/testperiph.o ./src/xemaclite_example_util.o ./src/xemaclite_intr_example.o ./src/xemaclite_polled_example.o ./src/xgpio_tapp_example.o ./src/xintc_tapp_example.o ./src/xspi_intr_example.o ./src/xspi_selftest_example.o ./src/xtmrctr_intr_example.o ./src/xtmrctr_selftest_example.o   -Wl,--start-group,-lxil,-lgcc,-lc,--end-group
Finished building target: peripheral_test.elf
 
Invoking: MicroBlaze Print Size
mb-size peripheral_test.elf  |tee "peripheral_test.elf.size"
   text	   data	    bss	    dec	    hex	filename
  30948	    520	   6756	  38224	   9550	peripheral_test.elf
Finished building: peripheral_test.elf.size
 

10:32:22 Build Finished (took 4s.691ms)

